[    1527ms] Error: Minified React error #310; visit https://react.dev/errors/310 for the full message or use the non-minified dev environment for full errors and additional helpful warnings.
    at ao (https://testing.thescribebank.com/_next/static/chunks/4bd1b696-100b9d70ed4e49c1.js:1:52416)
    at Object.aq [as useMemo] (https://testing.thescribebank.com/_next/static/chunks/4bd1b696-100b9d70ed4e49c1.js:1:59619)
    at t.useMemo (https://testing.thescribebank.com/_next/static/chunks/1255-8befde0980f5cba9.js:1:93299)
    at D (https://testing.thescribebank.com/_next/static/chunks/1255-8befde0980f5cba9.js:1:26252)
    at l9 (https://testing.thescribebank.com/_next/static/chunks/4bd1b696-100b9d70ed4e49c1.js:1:51130)
    at o_ (https://testing.thescribebank.com/_next/static/chunks/4bd1b696-100b9d70ed4e49c1.js:1:70990)
    at oq (https://testing.thescribebank.com/_next/static/chunks/4bd1b696-100b9d70ed4e49c1.js:1:82020)
    at ik (https://testing.thescribebank.com/_next/static/chunks/4bd1b696-100b9d70ed4e49c1.js:1:114682)
    at https://testing.thescribebank.com/_next/static/chunks/4bd1b696-100b9d70ed4e49c1.js:1:114527
    at ib (https://testing.thescribebank.com/_next/static/chunks/4bd1b696-100b9d70ed4e49c1.js:1:114535)
[   87960ms] Error: Minified React error #310; visit https://react.dev/errors/310 for the full message or use the non-minified dev environment for full errors and additional helpful warnings.
    at ao (https://testing.thescribebank.com/_next/static/chunks/4bd1b696-100b9d70ed4e49c1.js:1:52416)
    at Object.aq [as useMemo] (https://testing.thescribebank.com/_next/static/chunks/4bd1b696-100b9d70ed4e49c1.js:1:59619)
    at t.useMemo (https://testing.thescribebank.com/_next/static/chunks/1255-8befde0980f5cba9.js:1:93299)
    at D (https://testing.thescribebank.com/_next/static/chunks/1255-8befde0980f5cba9.js:1:26252)
    at l9 (https://testing.thescribebank.com/_next/static/chunks/4bd1b696-100b9d70ed4e49c1.js:1:51130)
    at o_ (https://testing.thescribebank.com/_next/static/chunks/4bd1b696-100b9d70ed4e49c1.js:1:70990)
    at oq (https://testing.thescribebank.com/_next/static/chunks/4bd1b696-100b9d70ed4e49c1.js:1:82020)
    at ik (https://testing.thescribebank.com/_next/static/chunks/4bd1b696-100b9d70ed4e49c1.js:1:114682)
    at https://testing.thescribebank.com/_next/static/chunks/4bd1b696-100b9d70ed4e49c1.js:1:114527
    at ib (https://testing.thescribebank.com/_next/static/chunks/4bd1b696-100b9d70ed4e49c1.js:1:114535)
[   87669ms] [WARNING] WebSocket connection to 'wss://ws-ap2.pusher.com/app/69a9fac80935461a9cd4?protocol=7&client=js&version=8.5.0&flash=false' failed: WebSocket is closed before the connection is established. @ https://testing.thescribebank.com/_next/static/chunks/1183-cc8492b7de6101b0.js:0
